src/pages/Created.tsx(39,29): error TS6133: 'setVideoResolution' is declared but its value is never read.
